src/App.tsx(45,27): error TS2339: Property 'env' does not exist on type 'ImportMeta'.
src/App.tsx(45,66): error TS2339: Property 'env' does not exist on type 'ImportMeta'.
src/App.tsx(195,15): error TS2339: Property 'data' does not exist on type '{ single: () => Promise<{ data: null; error: null; }>; } | PostgrestSingleResponse<any[]>'.
src/App.tsx(195,21): error TS2339: Property 'error' does not exist on type '{ single: () => Promise<{ data: null; error: null; }>; } | PostgrestSingleResponse<any[]>'.
src/App.tsx(201,39): error TS7006: Parameter 'dbComment' implicitly has an 'any' type.
src/useSupabaseData.ts(32,38): error TS2339: Property 'insert' does not exist on type '{ select: () => { eq: () => { single: () => Promise<{ data: null; error: null; }>; }; order: () => { limit: () => Promise<{ data: never[]; error: null; }>; }; }; } | PostgrestQueryBuilder<any, any, any, "users", unknown>'.
  Property 'insert' does not exist on type '{ select: () => { eq: () => { single: () => Promise<{ data: null; error: null; }>; }; order: () => { limit: () => Promise<{ data: never[]; error: null; }>; }; }; }'.
src/useSupabaseData.ts(41,43): error TS2339: Property 'signInWithOAuth' does not exist on type 'SupabaseAuthClient | { onAuthStateChange: () => { data: { subscription: { unsubscribe: () => void; }; }; }; getSession: () => Promise<{ data: { session: null; }; }>; }'.
  Property 'signInWithOAuth' does not exist on type '{ onAuthStateChange: () => { data: { subscription: { unsubscribe: () => void; }; }; }; getSession: () => Promise<{ data: { session: null; }; }>; }'.
src/useSupabaseData.ts(42,42): error TS2339: Property 'signInWithOAuth' does not exist on type 'SupabaseAuthClient | { onAuthStateChange: () => { data: { subscription: { unsubscribe: () => void; }; }; }; getSession: () => Promise<{ data: { session: null; }; }>; }'.
  Property 'signInWithOAuth' does not exist on type '{ onAuthStateChange: () => { data: { subscription: { unsubscribe: () => void; }; }; }; getSession: () => Promise<{ data: { session: null; }; }>; }'.
src/useSupabaseData.ts(43,38): error TS2339: Property 'signOut' does not exist on type 'SupabaseAuthClient | { onAuthStateChange: () => { data: { subscription: { unsubscribe: () => void; }; }; }; getSession: () => Promise<{ data: { session: null; }; }>; }'.
  Property 'signOut' does not exist on type '{ onAuthStateChange: () => { data: { subscription: { unsubscribe: () => void; }; }; }; getSession: () => Promise<{ data: { session: null; }; }>; }'.
